2025-03-26 22:17:21,004 - dialogue_timestamps - INFO - Skipping data/audio\bài hát_da9d549a.mp3 - JSON file already exists: data/audio/dialogue_da9d549a.json
2025-03-26 22:17:21,004 - dialogue_timestamps - INFO - Skipping data/audio\bóng đá_337fd281.mp3 - video already exists in output directory
2025-03-27 13:02:49,672 - dialogue_timestamps - INFO - Skipping data/audio\bài hát_da9d549a.mp3 - JSON file already exists: data/audio/dialogue_da9d549a.json
2025-03-27 13:02:49,673 - dialogue_timestamps - INFO - Skipping data/audio\bóng đá_337fd281.mp3 - video already exists in output directory
2025-03-27 13:02:49,673 - dialogue_timestamps - INFO - Skipping data/audio\bún bò Huế_dc1098ba.mp3 - video already exists in output directory
2025-03-27 13:02:49,674 - dialogue_timestamps - INFO - Skipping data/audio\bảo mật_42ed52f2.mp3 - video already exists in output directory
2025-03-27 13:02:49,674 - dialogue_timestamps - INFO - Skipping data/audio\bảo thủ_6fef2629.mp3 - video already exists in output directory
2025-03-27 13:02:49,674 - dialogue_timestamps - INFO - Skipping data/audio\bồn rửa_8749e26e.mp3 - video already exists in output directory
2025-03-27 13:02:49,674 - dialogue_timestamps - INFO - Skipping data/audio\chi phí_47c63834.mp3 - video already exists in output directory
2025-03-27 13:02:49,675 - dialogue_timestamps - INFO - Skipping data/audio\chính sách nhập cư_1965577f.mp3 - video already exists in output directory
2025-03-27 13:02:49,675 - dialogue_timestamps - INFO - Skipping data/audio\chính sách_6b53334b.mp3 - video already exists in output directory
2025-03-27 13:02:49,675 - dialogue_timestamps - INFO - Skipping data/audio\chương trình_31772986.mp3 - video already exists in output directory
2025-03-27 13:02:49,675 - dialogue_timestamps - INFO - Skipping data/audio\công nghệ_1423c807.mp3 - video already exists in output directory
2025-03-27 13:02:49,675 - dialogue_timestamps - INFO - Skipping data/audio\cờ vua_6721bb7f.mp3 - JSON file already exists: data/audio/dialogue_6721bb7f.json
2025-03-27 13:02:49,675 - dialogue_timestamps - INFO - Skipping data/audio\giáo dục_a980f098.mp3 - video already exists in output directory
2025-03-27 13:02:49,676 - dialogue_timestamps - INFO - Skipping data/audio\giáo dục_b0e3a0e6.mp3 - video already exists in output directory
2025-03-27 13:02:49,676 - dialogue_timestamps - INFO - Skipping data/audio\giấc mơ_2e2b07c7.mp3 - video already exists in output directory
2025-03-27 13:02:49,676 - dialogue_timestamps - INFO - Skipping data/audio\khỏe mạnh_9b0bc3fe.mp3 - video already exists in output directory
2025-03-27 13:02:49,676 - dialogue_timestamps - INFO - Skipping data/audio\kiến trúc_ea443c7d.mp3 - video already exists in output directory
2025-03-27 13:02:49,676 - dialogue_timestamps - INFO - Skipping data/audio\kỳ nghỉ lễ_42f2f0f2.mp3 - video already exists in output directory
2025-03-27 13:02:49,676 - dialogue_timestamps - INFO - Skipping data/audio\lái máy bay_83418f4a.mp3 - video already exists in output directory
2025-03-27 13:02:49,677 - dialogue_timestamps - INFO - Skipping data/audio\lễ hội_daa9f7ad.mp3 - video already exists in output directory
